            --------------------------------------------------------
                             AMBER SQM VERSION 19
 
                                     By
              Ross C. Walker, Michael F. Crowley, Scott Brozell,
                         Tim Giese, Andreas W. Goetz,
                        Tai-Sung Lee and David A. Case
 
            --------------------------------------------------------
 

--------------------------------------------------------------------------------
  QM CALCULATION INFO
--------------------------------------------------------------------------------

| QMMM: Citation for AMBER QMMM Run:
| QMMM: R.C. Walker, M.F. Crowley and D.A. Case, J. COMP. CHEM. 29:1019, 2008

QMMM: SINGLET STATE CALCULATION
QMMM: RHF CALCULATION, NO. OF DOUBLY OCCUPIED LEVELS = 15

| QMMM: *** Selected Hamiltonian *** 
| QMMM: AM1         

| QMMM: *** Parameter sets in use ***
| QMMM: C : M.J.S.DEWAR et al. JACS, 107, 3902, (1985)
| QMMM: N : M.J.S.DEWAR et al. JACS, 107, 3902, (1985)
| QMMM: O : M.J.S.DEWAR et al. JACS, 107, 3902, (1985)
| QMMM: H : M.J.S.DEWAR et al. JACS, 107, 3902, (1985)

| QMMM: *** SCF convergence criteria ***
| QMMM: Energy change                :  0.1D-09 kcal/mol
| QMMM: Error matrix |FP-PF|         :  0.1D+00 au
| QMMM: Density matrix change        :  0.5D-06
| QMMM: Maximum number of SCF cycles :     1000

| QMMM: *** Diagonalization Routine Information ***
| QMMM: Pseudo diagonalizations are allowed.
| QMMM: Auto diagonalization routine selection is in use.
| QMMM:
| QMMM: Timing diagonalization routines:
| QMMM:                              norbs =       27
| QMMM:    diag iterations used for timing =       20
| QMMM:
| QMMM:              Internal diag routine = 0.001584 seconds
| QMMM:                 Dspev diag routine = 0.002137 seconds
| QMMM:                Dspevd diag routine = 0.004641 seconds
| QMMM:                Dspevx diag routine = 0.012041 seconds
| QMMM:                 Dsyev diag routine = 0.002037 seconds
| QMMM:                Dsyevd diag routine = 0.002151 seconds
| QMMM:                Dsyevr diag routine = 0.003338 seconds
| QMMM:
| QMMM:                Pseudo diag routine = 0.000298 seconds
| QMMM:
| QMMM: Using internal diagonalization routine (diag_routine=1).

  QMMM: QM Region Cartesian Coordinates (*=link atom) 
  QMMM: QM_NO.   MM_NO.  ATOM         X         Y         Z
  QMMM:     1        1      C        1.2790   -0.2590   -0.4270
  QMMM:     2        2      N       -0.0090    0.1110    0.1270
  QMMM:     3        3      C       -1.1180   -0.7990   -0.0720
  QMMM:     4        4      C       -0.1980    1.3650    0.6700
  QMMM:     5        5      O        0.6530    2.2380    0.7800
  QMMM:     6        6      H        1.5620   -1.2430   -0.0440
  QMMM:     7        7      H        1.1930   -0.3010   -1.5170
  QMMM:     8        8      H        2.0550    0.4640   -0.1600
  QMMM:     9        9      H       -2.0220   -0.4310    0.4210
  QMMM:    10       10      H       -0.8560   -1.7770    0.3420
  QMMM:    11       11      H       -1.3100   -0.8920   -1.1450
  QMMM:    12       12      H       -1.2290    1.5250    1.0250

--------------------------------------------------------------------------------
  RESULTS
--------------------------------------------------------------------------------

      iter         sqm energy              rms gradient
      ----    -------------------    -----------------------
xmin    10      -36.9527 kcal/mol        0.1258 kcal/(mol*A)
xmin    20      -36.9649 kcal/mol        0.4971 kcal/(mol*A)
xmin    30      -36.9754 kcal/mol        0.0518 kcal/(mol*A)
xmin    40      -36.9788 kcal/mol        0.1365 kcal/(mol*A)
xmin    50      -36.9816 kcal/mol        0.0823 kcal/(mol*A)
xmin    60      -36.9832 kcal/mol        0.0301 kcal/(mol*A)
xmin    70      -36.9838 kcal/mol        0.0609 kcal/(mol*A)
xmin    80      -36.9843 kcal/mol        0.0119 kcal/(mol*A)
xmin    90      -36.9846 kcal/mol        0.0121 kcal/(mol*A)
xmin   100      -36.9848 kcal/mol        0.0423 kcal/(mol*A)
xmin   110      -36.9849 kcal/mol        0.0089 kcal/(mol*A)
xmin   120      -36.9851 kcal/mol        0.0142 kcal/(mol*A)
xmin   130      -36.9851 kcal/mol        0.0081 kcal/(mol*A)
xmin   140      -36.9852 kcal/mol        0.0063 kcal/(mol*A)
xmin   150      -36.9852 kcal/mol        0.0080 kcal/(mol*A)
xmin   160      -36.9852 kcal/mol        0.0070 kcal/(mol*A)
xmin   170      -36.9852 kcal/mol        0.0047 kcal/(mol*A)
xmin   180      -36.9853 kcal/mol        0.0038 kcal/(mol*A)
xmin   190      -36.9853 kcal/mol        0.0038 kcal/(mol*A)
xmin   200      -36.9853 kcal/mol        0.0010 kcal/(mol*A)
xmin   210      -36.9853 kcal/mol        0.0056 kcal/(mol*A)
xmin   220      -36.9853 kcal/mol        0.0029 kcal/(mol*A)
  ... geometry converged !
 
 Final MO eigenvalues (eV):
 -39.6335  -36.4539  -28.9703  -27.1018  -21.6981  -17.8929  -17.1050  -16.5095
 -14.6680  -13.8095  -13.6103  -13.4048  -12.9025  -10.8543   -9.6687    1.4926
   2.0404    3.4927    3.6228    3.9181    4.1637    4.1872    4.3255    4.6074
   5.3470    6.1540    7.0053

 Heat of formation   =        -36.98526829 kcal/mol  (       -1.60380158 eV)

 Total SCF energy    =     -23242.31435797 kcal/mol  (    -1007.86238055 eV)
 Electronic energy   =     -78268.85088176 kcal/mol  (    -3393.99205940 eV)
 Core-core repulsion =      55026.53652379 kcal/mol  (     2386.12967884 eV)
 
    Atomic Charges for Step       1 :
  Atom    Element       Mulliken Charge
     1      C                 -0.081
     2      N                 -0.353
     3      C                 -0.071
     4      C                  0.262
     5      O                 -0.365
     6      H                  0.069
     7      H                  0.069
     8      H                  0.117
     9      H                  0.083
    10      H                  0.074
    11      H                  0.074
    12      H                  0.121
 Total Mulliken Charge =      -0.000
 
                  X        Y        Z     TOTAL  
  QM DIPOLE    -2.069   -2.770   -0.800    3.549
 
 Final Structure

  QMMM: QM Region Cartesian Coordinates (*=link atom) 
  QMMM: QM_NO.   MM_NO.  ATOM         X         Y         Z
  QMMM:     1        1      C        1.2544   -0.2458   -0.4530
  QMMM:     2        2      N       -0.0212    0.1436    0.0758
  QMMM:     3        3      C       -1.1012   -0.7831   -0.0889
  QMMM:     4        4      C       -0.2058    1.3531    0.7139
  QMMM:     5        5      O        0.7088    2.1785    0.8728
  QMMM:     6        6      H        1.5998   -1.1971    0.0345
  QMMM:     7        7      H        1.1760   -0.4200   -1.5601
  QMMM:     8        8      H        2.0104    0.5617   -0.2605
  QMMM:     9        9      H       -2.0465   -0.3799    0.3602
  QMMM:    10       10      H       -0.8521   -1.7587    0.4109
  QMMM:    11       11      H       -1.2769   -0.9807   -1.1816
  QMMM:    12       12      H       -1.2458    1.5293    1.0761

           --------- Calculation Completed ----------

