PLUMED: PLUMED is starting
PLUMED: Version: 2.8.3 (git: Unknown) compiled on Feb 28 2024 at 19:10:20
PLUMED: Please cite these papers when using PLUMED [1][2]
PLUMED: For further information see the PLUMED web page at http://www.plumed.org
PLUMED: Root: /opt/crc/l/lammps/src/lammps-7Feb2024/build_cpu/plumed_build-prefix/lib/plumed
PLUMED: For installed feature, see /opt/crc/l/lammps/src/lammps-7Feb2024/build_cpu/plumed_build-prefix/lib/plumed/src/config/config.txt
PLUMED: Molecular dynamics engine: LAMMPS
PLUMED: Precision of reals: 8
PLUMED: Running over 12 nodes
PLUMED: Number of threads: 1
PLUMED: Cache line size: 512
PLUMED: Number of atoms: 320
PLUMED: File suffix: 
PLUMED: FILE: plumed_7.dat
PLUMED: Action DISTANCE
PLUMED:   with label d1
PLUMED:   between atoms 319 320
PLUMED:   using periodic boundary conditions
PLUMED: Action RESTRAINT
PLUMED:   with label bb
PLUMED:   with arguments d1
PLUMED:   added component to this action:  bb.bias 
PLUMED:   at 0.966667
PLUMED:   with harmonic force constant 500.000000
PLUMED:   and linear force constant 0.000000
PLUMED:   added component to this action:  bb.force2 
PLUMED: Action REWEIGHT_BIAS
PLUMED:   with label lw
PLUMED:   with arguments bb.bias
PLUMED: Action PRINT
PLUMED:   with label @3
PLUMED:   with stride 1000
PLUMED:   with arguments d1 bb.bias bb.force2 lw
PLUMED:   on file dihedral_7.dat
PLUMED:   with format  %f
PLUMED: END FILE: plumed_7.dat
PLUMED: Timestep: 0.002000
PLUMED: KbT has not been set by the MD engine
PLUMED: It should be set by hand where needed
PLUMED: Relevant bibliography:
PLUMED:   [1] The PLUMED consortium, Nat. Methods 16, 670 (2019)
PLUMED:   [2] Tribello, Bonomi, Branduardi, Camilloni, and Bussi, Comput. Phys. Commun. 185, 604 (2014)
PLUMED: Please read and cite where appropriate!
PLUMED: Finished setup
PLUMED:                                               Cycles        Total      Average      Minimum      Maximum
PLUMED:                                                    1    24.177212    24.177212    24.177212    24.177212
PLUMED: 1 Prepare dependencies                       1000001     0.220012     0.000000     0.000000     0.000050
PLUMED: 2 Sharing data                               1000001    13.841899     0.000014     0.000011     0.000340
PLUMED: 3 Waiting for data                           1000001     2.350199     0.000002     0.000001     0.000245
PLUMED: 4 Calculating (forward loop)                 1000001     2.798197     0.000003     0.000002     0.000200
PLUMED: 5 Applying (backward loop)                   1000001     1.252548     0.000001     0.000001     0.000121
PLUMED: 6 Update                                     1000001     0.108978     0.000000     0.000000     0.000197
